Archive member included to satisfy reference by file (symbol)

c:/winavr/bin/../lib/gcc/avr/9.1.0/avr5\libgcc.a(_mulsi3.o)
                              ./main.o (__mulsi3)
c:/winavr/bin/../lib/gcc/avr/9.1.0/avr5\libgcc.a(_divmodsi4.o)
                              ./main.o (__divmodsi4)
c:/winavr/bin/../lib/gcc/avr/9.1.0/avr5\libgcc.a(_negsi2.o)
                              c:/winavr/bin/../lib/gcc/avr/9.1.0/avr5\libgcc.a(_divmodsi4.o) (__negsi2)
c:/winavr/bin/../lib/gcc/avr/9.1.0/avr5\libgcc.a(_exit.o)
                              c:/winavr/bin/../lib/gcc/avr/9.1.0/../../../../avr/lib/avr5/crtatmega16.o (exit)
c:/winavr/bin/../lib/gcc/avr/9.1.0/avr5\libgcc.a(_tablejump2.o)
                              ./KeyPad.o (__tablejump2__)
c:/winavr/bin/../lib/gcc/avr/9.1.0/avr5\libgcc.a(_copy_data.o)
                              ./main.o (__do_copy_data)
c:/winavr/bin/../lib/gcc/avr/9.1.0/avr5\libgcc.a(_clear_bss.o)
                              ./main.o (__do_clear_bss)
c:/winavr/bin/../lib/gcc/avr/9.1.0/avr5\libgcc.a(_muluhisi3.o)
                              c:/winavr/bin/../lib/gcc/avr/9.1.0/avr5\libgcc.a(_mulsi3.o) (__muluhisi3)
c:/winavr/bin/../lib/gcc/avr/9.1.0/avr5\libgcc.a(_udivmodsi4.o)
                              c:/winavr/bin/../lib/gcc/avr/9.1.0/avr5\libgcc.a(_divmodsi4.o) (__udivmodsi4)
c:/winavr/bin/../lib/gcc/avr/9.1.0/avr5\libgcc.a(_umulhisi3.o)
                              c:/winavr/bin/../lib/gcc/avr/9.1.0/avr5\libgcc.a(_muluhisi3.o) (__umulhisi3)
c:/winavr/bin/../lib/gcc/avr/9.1.0/../../../../avr/lib/avr5\libm.a(cmpsf2.o)
                              ./LCD.o (__ltsf2)
c:/winavr/bin/../lib/gcc/avr/9.1.0/../../../../avr/lib/avr5\libm.a(divsf3.o)
                              ./LCD.o (__divsf3)
c:/winavr/bin/../lib/gcc/avr/9.1.0/../../../../avr/lib/avr5\libm.a(divsf3x.o)
                              c:/winavr/bin/../lib/gcc/avr/9.1.0/../../../../avr/lib/avr5\libm.a(divsf3.o) (__divsf3x)
c:/winavr/bin/../lib/gcc/avr/9.1.0/../../../../avr/lib/avr5\libm.a(fixunssfsi.o)
                              ./LCD.o (__fixunssfsi)
c:/winavr/bin/../lib/gcc/avr/9.1.0/../../../../avr/lib/avr5\libm.a(fp_cmp.o)
                              c:/winavr/bin/../lib/gcc/avr/9.1.0/../../../../avr/lib/avr5\libm.a(cmpsf2.o) (__fp_cmp)
c:/winavr/bin/../lib/gcc/avr/9.1.0/../../../../avr/lib/avr5\libm.a(fp_inf.o)
                              c:/winavr/bin/../lib/gcc/avr/9.1.0/../../../../avr/lib/avr5\libm.a(divsf3x.o) (__fp_inf)
c:/winavr/bin/../lib/gcc/avr/9.1.0/../../../../avr/lib/avr5\libm.a(fp_nan.o)
                              c:/winavr/bin/../lib/gcc/avr/9.1.0/../../../../avr/lib/avr5\libm.a(divsf3x.o) (__fp_nan)
c:/winavr/bin/../lib/gcc/avr/9.1.0/../../../../avr/lib/avr5\libm.a(fp_pscA.o)
                              c:/winavr/bin/../lib/gcc/avr/9.1.0/../../../../avr/lib/avr5\libm.a(divsf3x.o) (__fp_pscA)
c:/winavr/bin/../lib/gcc/avr/9.1.0/../../../../avr/lib/avr5\libm.a(fp_pscB.o)
                              c:/winavr/bin/../lib/gcc/avr/9.1.0/../../../../avr/lib/avr5\libm.a(divsf3x.o) (__fp_pscB)
c:/winavr/bin/../lib/gcc/avr/9.1.0/../../../../avr/lib/avr5\libm.a(fp_round.o)
                              c:/winavr/bin/../lib/gcc/avr/9.1.0/../../../../avr/lib/avr5\libm.a(divsf3.o) (__fp_round)
c:/winavr/bin/../lib/gcc/avr/9.1.0/../../../../avr/lib/avr5\libm.a(fp_split3.o)
                              c:/winavr/bin/../lib/gcc/avr/9.1.0/../../../../avr/lib/avr5\libm.a(divsf3x.o) (__fp_split3)
c:/winavr/bin/../lib/gcc/avr/9.1.0/../../../../avr/lib/avr5\libm.a(fp_zero.o)
                              c:/winavr/bin/../lib/gcc/avr/9.1.0/../../../../avr/lib/avr5\libm.a(fixunssfsi.o) (__fp_zero)
c:/winavr/bin/../lib/gcc/avr/9.1.0/../../../../avr/lib/avr5\libm.a(gesf2.o)
                              ./LCD.o (__gtsf2)
c:/winavr/bin/../lib/gcc/avr/9.1.0/../../../../avr/lib/avr5\libm.a(mulsf3.o)
                              ./LCD.o (__mulsf3)
c:/winavr/bin/../lib/gcc/avr/9.1.0/../../../../avr/lib/avr5\libm.a(mulsf3x.o)
                              c:/winavr/bin/../lib/gcc/avr/9.1.0/../../../../avr/lib/avr5\libm.a(mulsf3.o) (__mulsf3x)
c:/winavr/bin/../lib/gcc/avr/9.1.0/../../../../avr/lib/avr5\libc.a(itoa.o)
                              ./LCD.o (itoa)
c:/winavr/bin/../lib/gcc/avr/9.1.0/../../../../avr/lib/avr5\libc.a(itoa_ncheck.o)
                              c:/winavr/bin/../lib/gcc/avr/9.1.0/../../../../avr/lib/avr5\libc.a(itoa.o) (__itoa_ncheck)
c:/winavr/bin/../lib/gcc/avr/9.1.0/../../../../avr/lib/avr5\libc.a(utoa_ncheck.o)
                              c:/winavr/bin/../lib/gcc/avr/9.1.0/../../../../avr/lib/avr5\libc.a(itoa_ncheck.o) (__utoa_common)
c:/winavr/bin/../lib/gcc/avr/9.1.0/../../../../avr/lib/avr5\libc.a(strrev.o)
                              c:/winavr/bin/../lib/gcc/avr/9.1.0/../../../../avr/lib/avr5\libc.a(utoa_ncheck.o) (strrev)

Memory Configuration

Name             Origin             Length             Attributes
text             0x0000000000000000 0x0000000000020000 xr
data             0x0000000000800060 0x000000000000ffa0 rw !x
eeprom           0x0000000000810000 0x0000000000010000 rw !x
fuse             0x0000000000820000 0x0000000000000400 rw !x
lock             0x0000000000830000 0x0000000000000400 rw !x
signature        0x0000000000840000 0x0000000000000400 rw !x
user_signatures  0x0000000000850000 0x0000000000000400 rw !x
*default*        0x0000000000000000 0xffffffffffffffff

Linker script and memory map

LOAD c:/winavr/bin/../lib/gcc/avr/9.1.0/../../../../avr/lib/avr5/crtatmega16.o
LOAD ./KeyPad.o
LOAD ./LCD.o
LOAD ./main.o
START GROUP
LOAD c:/winavr/bin/../lib/gcc/avr/9.1.0/avr5\libgcc.a
LOAD c:/winavr/bin/../lib/gcc/avr/9.1.0/../../../../avr/lib/avr5\libm.a
LOAD c:/winavr/bin/../lib/gcc/avr/9.1.0/../../../../avr/lib/avr5\libc.a
LOAD c:/winavr/bin/../lib/gcc/avr/9.1.0/../../../../avr/lib/avr5\libatmega16.a
END GROUP
                0x0000000000020000                __TEXT_REGION_LENGTH__ = DEFINED (__TEXT_REGION_LENGTH__)?__TEXT_REGION_LENGTH__:0x20000
                0x000000000000ffa0                __DATA_REGION_LENGTH__ = DEFINED (__DATA_REGION_LENGTH__)?__DATA_REGION_LENGTH__:0xffa0
                0x0000000000010000                __EEPROM_REGION_LENGTH__ = DEFINED (__EEPROM_REGION_LENGTH__)?__EEPROM_REGION_LENGTH__:0x10000
                0x0000000000000400                __FUSE_REGION_LENGTH__ = DEFINED (__FUSE_REGION_LENGTH__)?__FUSE_REGION_LENGTH__:0x400
                0x0000000000000400                __LOCK_REGION_LENGTH__ = DEFINED (__LOCK_REGION_LENGTH__)?__LOCK_REGION_LENGTH__:0x400
                0x0000000000000400                __SIGNATURE_REGION_LENGTH__ = DEFINED (__SIGNATURE_REGION_LENGTH__)?__SIGNATURE_REGION_LENGTH__:0x400
                0x0000000000000400                __USER_SIGNATURE_REGION_LENGTH__ = DEFINED (__USER_SIGNATURE_REGION_LENGTH__)?__USER_SIGNATURE_REGION_LENGTH__:0x400

.hash
 *(.hash)

.dynsym
 *(.dynsym)

.dynstr
 *(.dynstr)

.gnu.version
 *(.gnu.version)

.gnu.version_d
 *(.gnu.version_d)

.gnu.version_r
 *(.gnu.version_r)

.rel.init
 *(.rel.init)

.rela.init
 *(.rela.init)

.rel.text
 *(.rel.text)
 *(.rel.text.*)
 *(.rel.gnu.linkonce.t*)

.rela.text
 *(.rela.text)
 *(.rela.text.*)
 *(.rela.gnu.linkonce.t*)

.rel.fini
 *(.rel.fini)

.rela.fini
 *(.rela.fini)

.rel.rodata
 *(.rel.rodata)
 *(.rel.rodata.*)
 *(.rel.gnu.linkonce.r*)

.rela.rodata
 *(.rela.rodata)
 *(.rela.rodata.*)
 *(.rela.gnu.linkonce.r*)

.rel.data
 *(.rel.data)
 *(.rel.data.*)
 *(.rel.gnu.linkonce.d*)

.rela.data
 *(.rela.data)
 *(.rela.data.*)
 *(.rela.gnu.linkonce.d*)

.rel.ctors
 *(.rel.ctors)

.rela.ctors
 *(.rela.ctors)

.rel.dtors
 *(.rel.dtors)

.rela.dtors
 *(.rela.dtors)

.rel.got
 *(.rel.got)

.rela.got
 *(.rela.got)

.rel.bss
 *(.rel.bss)

.rela.bss
 *(.rela.bss)

.rel.plt
 *(.rel.plt)

.rela.plt
 *(.rela.plt)

.text           0x0000000000000000     0x2b5e
 *(.vectors)
 .vectors       0x0000000000000000       0x54 c:/winavr/bin/../lib/gcc/avr/9.1.0/../../../../avr/lib/avr5/crtatmega16.o
                0x0000000000000000                __vector_default
                0x0000000000000000                __vectors
 *(.vectors)
 *(.progmem.gcc*)
                0x0000000000000054                . = ALIGN (0x2)
                0x0000000000000054                __trampolines_start = .
 *(.trampolines)
 .trampolines   0x0000000000000054        0x0 linker stubs
 *(.trampolines*)
                0x0000000000000054                __trampolines_end = .
 *libprintf_flt.a:*(.progmem.data)
 *libc.a:*(.progmem.data)
 *(.progmem.*)
                0x0000000000000054                . = ALIGN (0x2)
 *(.lowtext)
 *(.lowtext*)
                0x0000000000000054                __ctors_start = .
 *(.ctors)
                0x0000000000000054                __ctors_end = .
                0x0000000000000054                __dtors_start = .
 *(.dtors)
                0x0000000000000054                __dtors_end = .
 SORT_BY_NAME(*)(.ctors)
 SORT_BY_NAME(*)(.dtors)
 *(.init0)
 .init0         0x0000000000000054        0x0 c:/winavr/bin/../lib/gcc/avr/9.1.0/../../../../avr/lib/avr5/crtatmega16.o
                0x0000000000000054                __init
 *(.init0)
 *(.init1)
 *(.init1)
 *(.init2)
 .init2         0x0000000000000054        0xc c:/winavr/bin/../lib/gcc/avr/9.1.0/../../../../avr/lib/avr5/crtatmega16.o
 *(.init2)
 *(.init3)
 *(.init3)
 *(.init4)
 .init4         0x0000000000000060       0x16 c:/winavr/bin/../lib/gcc/avr/9.1.0/avr5\libgcc.a(_copy_data.o)
                0x0000000000000060                __do_copy_data
 .init4         0x0000000000000076       0x10 c:/winavr/bin/../lib/gcc/avr/9.1.0/avr5\libgcc.a(_clear_bss.o)
                0x0000000000000076                __do_clear_bss
 *(.init4)
 *(.init5)
 *(.init5)
 *(.init6)
 *(.init6)
 *(.init7)
 *(.init7)
 *(.init8)
 *(.init8)
 *(.init9)
 .init9         0x0000000000000086        0x8 c:/winavr/bin/../lib/gcc/avr/9.1.0/../../../../avr/lib/avr5/crtatmega16.o
 *(.init9)
 *(.text)
 .text          0x000000000000008e        0x4 c:/winavr/bin/../lib/gcc/avr/9.1.0/../../../../avr/lib/avr5/crtatmega16.o
                0x000000000000008e                __vector_1
                0x000000000000008e                __vector_12
                0x000000000000008e                __bad_interrupt
                0x000000000000008e                __vector_6
                0x000000000000008e                __vector_3
                0x000000000000008e                __vector_11
                0x000000000000008e                __vector_13
                0x000000000000008e                __vector_17
                0x000000000000008e                __vector_19
                0x000000000000008e                __vector_7
                0x000000000000008e                __vector_5
                0x000000000000008e                __vector_4
                0x000000000000008e                __vector_9
                0x000000000000008e                __vector_2
                0x000000000000008e                __vector_15
                0x000000000000008e                __vector_8
                0x000000000000008e                __vector_14
                0x000000000000008e                __vector_10
                0x000000000000008e                __vector_16
                0x000000000000008e                __vector_18
                0x000000000000008e                __vector_20
 .text          0x0000000000000092        0x0 ./KeyPad.o
 .text          0x0000000000000092        0x0 ./LCD.o
 .text          0x0000000000000092        0x0 ./main.o
 .text          0x0000000000000092        0x0 c:/winavr/bin/../lib/gcc/avr/9.1.0/avr5\libgcc.a(_mulsi3.o)
 .text          0x0000000000000092        0x0 c:/winavr/bin/../lib/gcc/avr/9.1.0/avr5\libgcc.a(_divmodsi4.o)
 .text          0x0000000000000092        0x0 c:/winavr/bin/../lib/gcc/avr/9.1.0/avr5\libgcc.a(_negsi2.o)
 .text          0x0000000000000092        0x0 c:/winavr/bin/../lib/gcc/avr/9.1.0/avr5\libgcc.a(_exit.o)
 .text          0x0000000000000092        0x0 c:/winavr/bin/../lib/gcc/avr/9.1.0/avr5\libgcc.a(_tablejump2.o)
 .text          0x0000000000000092        0x0 c:/winavr/bin/../lib/gcc/avr/9.1.0/avr5\libgcc.a(_copy_data.o)
 .text          0x0000000000000092        0x0 c:/winavr/bin/../lib/gcc/avr/9.1.0/avr5\libgcc.a(_clear_bss.o)
 .text          0x0000000000000092        0x0 c:/winavr/bin/../lib/gcc/avr/9.1.0/avr5\libgcc.a(_muluhisi3.o)
 .text          0x0000000000000092        0x0 c:/winavr/bin/../lib/gcc/avr/9.1.0/avr5\libgcc.a(_udivmodsi4.o)
 .text          0x0000000000000092        0x0 c:/winavr/bin/../lib/gcc/avr/9.1.0/avr5\libgcc.a(_umulhisi3.o)
 .text          0x0000000000000092        0x0 c:/winavr/bin/../lib/gcc/avr/9.1.0/../../../../avr/lib/avr5\libm.a(cmpsf2.o)
 .text          0x0000000000000092        0x0 c:/winavr/bin/../lib/gcc/avr/9.1.0/../../../../avr/lib/avr5\libm.a(divsf3.o)
 .text          0x0000000000000092        0x0 c:/winavr/bin/../lib/gcc/avr/9.1.0/../../../../avr/lib/avr5\libm.a(divsf3x.o)
 .text          0x0000000000000092        0x0 c:/winavr/bin/../lib/gcc/avr/9.1.0/../../../../avr/lib/avr5\libm.a(fixunssfsi.o)
 .text          0x0000000000000092        0x0 c:/winavr/bin/../lib/gcc/avr/9.1.0/../../../../avr/lib/avr5\libm.a(fp_cmp.o)
 .text          0x0000000000000092        0x0 c:/winavr/bin/../lib/gcc/avr/9.1.0/../../../../avr/lib/avr5\libm.a(fp_inf.o)
 .text          0x0000000000000092        0x0 c:/winavr/bin/../lib/gcc/avr/9.1.0/../../../../avr/lib/avr5\libm.a(fp_nan.o)
 .text          0x0000000000000092        0x0 c:/winavr/bin/../lib/gcc/avr/9.1.0/../../../../avr/lib/avr5\libm.a(fp_pscA.o)
 .text          0x0000000000000092        0x0 c:/winavr/bin/../lib/gcc/avr/9.1.0/../../../../avr/lib/avr5\libm.a(fp_pscB.o)
 .text          0x0000000000000092        0x0 c:/winavr/bin/../lib/gcc/avr/9.1.0/../../../../avr/lib/avr5\libm.a(fp_round.o)
 .text          0x0000000000000092        0x0 c:/winavr/bin/../lib/gcc/avr/9.1.0/../../../../avr/lib/avr5\libm.a(fp_split3.o)
 .text          0x0000000000000092        0x0 c:/winavr/bin/../lib/gcc/avr/9.1.0/../../../../avr/lib/avr5\libm.a(fp_zero.o)
 .text          0x0000000000000092        0x0 c:/winavr/bin/../lib/gcc/avr/9.1.0/../../../../avr/lib/avr5\libm.a(gesf2.o)
 .text          0x0000000000000092        0x0 c:/winavr/bin/../lib/gcc/avr/9.1.0/../../../../avr/lib/avr5\libm.a(mulsf3.o)
 .text          0x0000000000000092        0x0 c:/winavr/bin/../lib/gcc/avr/9.1.0/../../../../avr/lib/avr5\libm.a(mulsf3x.o)
 .text          0x0000000000000092        0x0 c:/winavr/bin/../lib/gcc/avr/9.1.0/../../../../avr/lib/avr5\libc.a(itoa.o)
 .text          0x0000000000000092        0x0 c:/winavr/bin/../lib/gcc/avr/9.1.0/../../../../avr/lib/avr5\libc.a(itoa_ncheck.o)
 .text          0x0000000000000092        0x0 c:/winavr/bin/../lib/gcc/avr/9.1.0/../../../../avr/lib/avr5\libc.a(utoa_ncheck.o)
 .text          0x0000000000000092        0x0 c:/winavr/bin/../lib/gcc/avr/9.1.0/../../../../avr/lib/avr5\libc.a(strrev.o)
                0x0000000000000092                . = ALIGN (0x2)
 *(.text.*)
 .text.KeyPad_getPressedKey
                0x0000000000000092       0xb0 ./KeyPad.o
                0x0000000000000092                KeyPad_getPressedKey
 .text.KeyPad_4x4_ReturnASCII
                0x0000000000000142       0x7e ./KeyPad.o
 .text.LCD_sendCommand
                0x00000000000001c0      0xa44 ./LCD.o
                0x00000000000001c0                LCD_sendCommand
 .text.LCD_displayCharacter
                0x0000000000000c04      0xa44 ./LCD.o
                0x0000000000000c04                LCD_displayCharacter
 .text.LCD_displayString
                0x0000000000001648       0x3e ./LCD.o
                0x0000000000001648                LCD_displayString
 .text.LCD_init
                0x0000000000001686      0x1a4 ./LCD.o
                0x0000000000001686                LCD_init
 .text.LCD_clearScreen
                0x000000000000182a       0x1c ./LCD.o
                0x000000000000182a                LCD_clearScreen
 .text.LCD_displayStringRowColumn
                0x0000000000001846       0x34 ./LCD.o
                0x0000000000001846                LCD_displayStringRowColumn
 .text.LCD_goToRowColumn
                0x000000000000187a       0x6e ./LCD.o
                0x000000000000187a                LCD_goToRowColumn
 .text.LCD_intgerToString
                0x00000000000018e8       0x48 ./LCD.o
                0x00000000000018e8                LCD_intgerToString
 .text.LCD_creatCustomChar
                0x0000000000001930       0x5c ./LCD.o
                0x0000000000001930                LCD_creatCustomChar
 .text.LCD_displayCustomChar
                0x000000000000198c      0x432 ./LCD.o
                0x000000000000198c                LCD_displayCustomChar
 .text.main     0x0000000000001dbe      0x74e ./main.o
                0x0000000000001dbe                main
 .text.operator
                0x000000000000250c       0x18 ./main.o
                0x000000000000250c                operator
 .text.resultfun
                0x0000000000002524      0x19a ./main.o
                0x0000000000002524                resultfun
 .text.libgcc.mul
                0x00000000000026be       0x20 c:/winavr/bin/../lib/gcc/avr/9.1.0/avr5\libgcc.a(_mulsi3.o)
                0x00000000000026be                __mulsi3
 .text.libgcc.div
                0x00000000000026de        0x0 c:/winavr/bin/../lib/gcc/avr/9.1.0/avr5\libgcc.a(_mulsi3.o)
 .text.libgcc   0x00000000000026de        0x0 c:/winavr/bin/../lib/gcc/avr/9.1.0/avr5\libgcc.a(_mulsi3.o)
 .text.libgcc.prologue
                0x00000000000026de        0x0 c:/winavr/bin/../lib/gcc/avr/9.1.0/avr5\libgcc.a(_mulsi3.o)
 .text.libgcc.builtins
                0x00000000000026de        0x0 c:/winavr/bin/../lib/gcc/avr/9.1.0/avr5\libgcc.a(_mulsi3.o)
 .text.libgcc.fmul
                0x00000000000026de        0x0 c:/winavr/bin/../lib/gcc/avr/9.1.0/avr5\libgcc.a(_mulsi3.o)
 .text.libgcc.fixed
                0x00000000000026de        0x0 c:/winavr/bin/../lib/gcc/avr/9.1.0/avr5\libgcc.a(_mulsi3.o)
 .text.libgcc.mul
                0x00000000000026de        0x0 c:/winavr/bin/../lib/gcc/avr/9.1.0/avr5\libgcc.a(_divmodsi4.o)
 .text.libgcc.div
                0x00000000000026de       0x2e c:/winavr/bin/../lib/gcc/avr/9.1.0/avr5\libgcc.a(_divmodsi4.o)
                0x00000000000026de                __divmodsi4
 .text.libgcc   0x000000000000270c        0x0 c:/winavr/bin/../lib/gcc/avr/9.1.0/avr5\libgcc.a(_divmodsi4.o)
 .text.libgcc.prologue
                0x000000000000270c        0x0 c:/winavr/bin/../lib/gcc/avr/9.1.0/avr5\libgcc.a(_divmodsi4.o)
 .text.libgcc.builtins
                0x000000000000270c        0x0 c:/winavr/bin/../lib/gcc/avr/9.1.0/avr5\libgcc.a(_divmodsi4.o)
 .text.libgcc.fmul
                0x000000000000270c        0x0 c:/winavr/bin/../lib/gcc/avr/9.1.0/avr5\libgcc.a(_divmodsi4.o)
 .text.libgcc.fixed
                0x000000000000270c        0x0 c:/winavr/bin/../lib/gcc/avr/9.1.0/avr5\libgcc.a(_divmodsi4.o)
 .text.libgcc.mul
                0x000000000000270c        0x0 c:/winavr/bin/../lib/gcc/avr/9.1.0/avr5\libgcc.a(_negsi2.o)
 .text.libgcc.div
                0x000000000000270c       0x10 c:/winavr/bin/../lib/gcc/avr/9.1.0/avr5\libgcc.a(_negsi2.o)
                0x000000000000270c                __negsi2
 .text.libgcc   0x000000000000271c        0x0 c:/winavr/bin/../lib/gcc/avr/9.1.0/avr5\libgcc.a(_negsi2.o)
 .text.libgcc.prologue
                0x000000000000271c        0x0 c:/winavr/bin/../lib/gcc/avr/9.1.0/avr5\libgcc.a(_negsi2.o)
 .text.libgcc.builtins
                0x000000000000271c        0x0 c:/winavr/bin/../lib/gcc/avr/9.1.0/avr5\libgcc.a(_negsi2.o)
 .text.libgcc.fmul
                0x000000000000271c        0x0 c:/winavr/bin/../lib/gcc/avr/9.1.0/avr5\libgcc.a(_negsi2.o)
 .text.libgcc.fixed
                0x000000000000271c        0x0 c:/winavr/bin/../lib/gcc/avr/9.1.0/avr5\libgcc.a(_negsi2.o)
 .text.libgcc.mul
                0x000000000000271c        0x0 c:/winavr/bin/../lib/gcc/avr/9.1.0/avr5\libgcc.a(_exit.o)
 .text.libgcc.div
                0x000000000000271c        0x0 c:/winavr/bin/../lib/gcc/avr/9.1.0/avr5\libgcc.a(_exit.o)
 .text.libgcc   0x000000000000271c        0x0 c:/winavr/bin/../lib/gcc/avr/9.1.0/avr5\libgcc.a(_exit.o)
 .text.libgcc.prologue
                0x000000000000271c        0x0 c:/winavr/bin/../lib/gcc/avr/9.1.0/avr5\libgcc.a(_exit.o)
 .text.libgcc.builtins
                0x000000000000271c        0x0 c:/winavr/bin/../lib/gcc/avr/9.1.0/avr5\libgcc.a(_exit.o)
 .text.libgcc.fmul
                0x000000000000271c        0x0 c:/winavr/bin/../lib/gcc/avr/9.1.0/avr5\libgcc.a(_exit.o)
 .text.libgcc.fixed
                0x000000000000271c        0x0 c:/winavr/bin/../lib/gcc/avr/9.1.0/avr5\libgcc.a(_exit.o)
 .text.libgcc.mul
                0x000000000000271c        0x0 c:/winavr/bin/../lib/gcc/avr/9.1.0/avr5\libgcc.a(_tablejump2.o)
 .text.libgcc.div
                0x000000000000271c        0x0 c:/winavr/bin/../lib/gcc/avr/9.1.0/avr5\libgcc.a(_tablejump2.o)
 .text.libgcc   0x000000000000271c        0xc c:/winavr/bin/../lib/gcc/avr/9.1.0/avr5\libgcc.a(_tablejump2.o)
                0x000000000000271c                __tablejump2__
 .text.libgcc.prologue
                0x0000000000002728        0x0 c:/winavr/bin/../lib/gcc/avr/9.1.0/avr5\libgcc.a(_tablejump2.o)
 .text.libgcc.builtins
                0x0000000000002728        0x0 c:/winavr/bin/../lib/gcc/avr/9.1.0/avr5\libgcc.a(_tablejump2.o)
 .text.libgcc.fmul
                0x0000000000002728        0x0 c:/winavr/bin/../lib/gcc/avr/9.1.0/avr5\libgcc.a(_tablejump2.o)
 .text.libgcc.fixed
                0x0000000000002728        0x0 c:/winavr/bin/../lib/gcc/avr/9.1.0/avr5\libgcc.a(_tablejump2.o)
 .text.libgcc.mul
                0x0000000000002728        0x0 c:/winavr/bin/../lib/gcc/avr/9.1.0/avr5\libgcc.a(_copy_data.o)
 .text.libgcc.div
                0x0000000000002728        0x0 c:/winavr/bin/../lib/gcc/avr/9.1.0/avr5\libgcc.a(_copy_data.o)
 .text.libgcc   0x0000000000002728        0x0 c:/winavr/bin/../lib/gcc/avr/9.1.0/avr5\libgcc.a(_copy_data.o)
 .text.libgcc.prologue
                0x0000000000002728        0x0 c:/winavr/bin/../lib/gcc/avr/9.1.0/avr5\libgcc.a(_copy_data.o)
 .text.libgcc.builtins
                0x0000000000002728        0x0 c:/winavr/bin/../lib/gcc/avr/9.1.0/avr5\libgcc.a(_copy_data.o)
 .text.libgcc.fmul
                0x0000000000002728        0x0 c:/winavr/bin/../lib/gcc/avr/9.1.0/avr5\libgcc.a(_copy_data.o)
 .text.libgcc.fixed
                0x0000000000002728        0x0 c:/winavr/bin/../lib/gcc/avr/9.1.0/avr5\libgcc.a(_copy_data.o)
 .text.libgcc.mul
                0x0000000000002728        0x0 c:/winavr/bin/../lib/gcc/avr/9.1.0/avr5\libgcc.a(_clear_bss.o)
 .text.libgcc.div
                0x0000000000002728        0x0 c:/winavr/bin/../lib/gcc/avr/9.1.0/avr5\libgcc.a(_clear_bss.o)
 .text.libgcc   0x0000000000002728        0x0 c:/winavr/bin/../lib/gcc/avr/9.1.0/avr5\libgcc.a(_clear_bss.o)
 .text.libgcc.prologue
                0x0000000000002728        0x0 c:/winavr/bin/../lib/gcc/avr/9.1.0/avr5\libgcc.a(_clear_bss.o)
 .text.libgcc.builtins
                0x0000000000002728        0x0 c:/winavr/bin/../lib/gcc/avr/9.1.0/avr5\libgcc.a(_clear_bss.o)
 .text.libgcc.fmul
                0x0000000000002728        0x0 c:/winavr/bin/../lib/gcc/avr/9.1.0/avr5\libgcc.a(_clear_bss.o)
 .text.libgcc.fixed
                0x0000000000002728        0x0 c:/winavr/bin/../lib/gcc/avr/9.1.0/avr5\libgcc.a(_clear_bss.o)
 .text.libgcc.mul
                0x0000000000002728       0x16 c:/winavr/bin/../lib/gcc/avr/9.1.0/avr5\libgcc.a(_muluhisi3.o)
                0x0000000000002728                __muluhisi3
 .text.libgcc.div
                0x000000000000273e        0x0 c:/winavr/bin/../lib/gcc/avr/9.1.0/avr5\libgcc.a(_muluhisi3.o)
 .text.libgcc   0x000000000000273e        0x0 c:/winavr/bin/../lib/gcc/avr/9.1.0/avr5\libgcc.a(_muluhisi3.o)
 .text.libgcc.prologue
                0x000000000000273e        0x0 c:/winavr/bin/../lib/gcc/avr/9.1.0/avr5\libgcc.a(_muluhisi3.o)
 .text.libgcc.builtins
                0x000000000000273e        0x0 c:/winavr/bin/../lib/gcc/avr/9.1.0/avr5\libgcc.a(_muluhisi3.o)
 .text.libgcc.fmul
                0x000000000000273e        0x0 c:/winavr/bin/../lib/gcc/avr/9.1.0/avr5\libgcc.a(_muluhisi3.o)
 .text.libgcc.fixed
                0x000000000000273e        0x0 c:/winavr/bin/../lib/gcc/avr/9.1.0/avr5\libgcc.a(_muluhisi3.o)
 .text.libgcc.mul
                0x000000000000273e        0x0 c:/winavr/bin/../lib/gcc/avr/9.1.0/avr5\libgcc.a(_udivmodsi4.o)
 .text.libgcc.div
                0x000000000000273e       0x44 c:/winavr/bin/../lib/gcc/avr/9.1.0/avr5\libgcc.a(_udivmodsi4.o)
                0x000000000000273e                __udivmodsi4
 .text.libgcc   0x0000000000002782        0x0 c:/winavr/bin/../lib/gcc/avr/9.1.0/avr5\libgcc.a(_udivmodsi4.o)
 .text.libgcc.prologue
                0x0000000000002782        0x0 c:/winavr/bin/../lib/gcc/avr/9.1.0/avr5\libgcc.a(_udivmodsi4.o)
 .text.libgcc.builtins
                0x0000000000002782        0x0 c:/winavr/bin/../lib/gcc/avr/9.1.0/avr5\libgcc.a(_udivmodsi4.o)
 .text.libgcc.fmul
                0x0000000000002782        0x0 c:/winavr/bin/../lib/gcc/avr/9.1.0/avr5\libgcc.a(_udivmodsi4.o)
 .text.libgcc.fixed
                0x0000000000002782        0x0 c:/winavr/bin/../lib/gcc/avr/9.1.0/avr5\libgcc.a(_udivmodsi4.o)
 .text.libgcc.mul
                0x0000000000002782       0x1e c:/winavr/bin/../lib/gcc/avr/9.1.0/avr5\libgcc.a(_umulhisi3.o)
                0x0000000000002782                __umulhisi3
 .text.libgcc.div
                0x00000000000027a0        0x0 c:/winavr/bin/../lib/gcc/avr/9.1.0/avr5\libgcc.a(_umulhisi3.o)
 .text.libgcc   0x00000000000027a0        0x0 c:/winavr/bin/../lib/gcc/avr/9.1.0/avr5\libgcc.a(_umulhisi3.o)
 .text.libgcc.prologue
                0x00000000000027a0        0x0 c:/winavr/bin/../lib/gcc/avr/9.1.0/avr5\libgcc.a(_umulhisi3.o)
 .text.libgcc.builtins
                0x00000000000027a0        0x0 c:/winavr/bin/../lib/gcc/avr/9.1.0/avr5\libgcc.a(_umulhisi3.o)
 .text.libgcc.fmul
                0x00000000000027a0        0x0 c:/winavr/bin/../lib/gcc/avr/9.1.0/avr5\libgcc.a(_umulhisi3.o)
 .text.libgcc.fixed
                0x00000000000027a0        0x0 c:/winavr/bin/../lib/gcc/avr/9.1.0/avr5\libgcc.a(_umulhisi3.o)
 .text.avr-libc.fplib
                0x00000000000027a0        0xa c:/winavr/bin/../lib/gcc/avr/9.1.0/../../../../avr/lib/avr5\libm.a(cmpsf2.o)
                0x00000000000027a0                __nesf2
                0x00000000000027a0                __eqsf2
                0x00000000000027a0                __cmpsf2
                0x00000000000027a0                __ltsf2
                0x00000000000027a0                __lesf2
 .text.avr-libc.fplib
                0x00000000000027aa        0x8 c:/winavr/bin/../lib/gcc/avr/9.1.0/../../../../avr/lib/avr5\libm.a(divsf3.o)
                0x00000000000027aa                __divsf3
 .text.avr-libc.fplib
                0x00000000000027b2       0xdc c:/winavr/bin/../lib/gcc/avr/9.1.0/../../../../avr/lib/avr5\libm.a(divsf3x.o)
                0x00000000000027d2                __divsf3x
                0x00000000000027d8                __divsf3_pse
 .text.avr-libc.fplib
                0x000000000000288e       0x5e c:/winavr/bin/../lib/gcc/avr/9.1.0/../../../../avr/lib/avr5\libm.a(fixunssfsi.o)
                0x000000000000288e                __fixunssfsi
 .text.avr-libc.fplib
                0x00000000000028ec       0x48 c:/winavr/bin/../lib/gcc/avr/9.1.0/../../../../avr/lib/avr5\libm.a(fp_cmp.o)
                0x00000000000028ec                __fp_cmp
 .text.avr-libc.fplib
                0x0000000000002934        0xc c:/winavr/bin/../lib/gcc/avr/9.1.0/../../../../avr/lib/avr5\libm.a(fp_inf.o)
                0x0000000000002934                __fp_inf
 .text.avr-libc.fplib
                0x0000000000002940        0x6 c:/winavr/bin/../lib/gcc/avr/9.1.0/../../../../avr/lib/avr5\libm.a(fp_nan.o)
                0x0000000000002940                __fp_nan
 .text.avr-libc.fplib
                0x0000000000002946        0xe c:/winavr/bin/../lib/gcc/avr/9.1.0/../../../../avr/lib/avr5\libm.a(fp_pscA.o)
                0x0000000000002946                __fp_pscA
 .text.avr-libc.fplib
                0x0000000000002954        0xe c:/winavr/bin/../lib/gcc/avr/9.1.0/../../../../avr/lib/avr5\libm.a(fp_pscB.o)
                0x0000000000002954                __fp_pscB
 .text.avr-libc.fplib
                0x0000000000002962       0x22 c:/winavr/bin/../lib/gcc/avr/9.1.0/../../../../avr/lib/avr5\libm.a(fp_round.o)
                0x0000000000002962                __fp_round
 .text.avr-libc.fplib
                0x0000000000002984       0x44 c:/winavr/bin/../lib/gcc/avr/9.1.0/../../../../avr/lib/avr5\libm.a(fp_split3.o)
                0x0000000000002984                __fp_split3
                0x0000000000002994                __fp_splitA
 .text.avr-libc.fplib
                0x00000000000029c8        0xe c:/winavr/bin/../lib/gcc/avr/9.1.0/../../../../avr/lib/avr5\libm.a(fp_zero.o)
                0x00000000000029c8                __fp_zero
                0x00000000000029ca                __fp_szero
 .text.avr-libc.fplib
                0x00000000000029d6        0xa c:/winavr/bin/../lib/gcc/avr/9.1.0/../../../../avr/lib/avr5\libm.a(gesf2.o)
                0x00000000000029d6                __gesf2
                0x00000000000029d6                __gtsf2
 .text.avr-libc.fplib
                0x00000000000029e0        0x8 c:/winavr/bin/../lib/gcc/avr/9.1.0/../../../../avr/lib/avr5\libm.a(mulsf3.o)
                0x00000000000029e0                __mulsf3
 .text.avr-libc.fplib
                0x00000000000029e8       0xd2 c:/winavr/bin/../lib/gcc/avr/9.1.0/../../../../avr/lib/avr5\libm.a(mulsf3x.o)
                0x0000000000002a06                __mulsf3x
                0x0000000000002a0c                __mulsf3_pse
 .text.avr-libc
                0x0000000000002aba       0x16 c:/winavr/bin/../lib/gcc/avr/9.1.0/../../../../avr/lib/avr5\libc.a(itoa.o)
                0x0000000000002aba                __itoa
                0x0000000000002aba                itoa
 .text.avr-libc
                0x0000000000002ad0       0x16 c:/winavr/bin/../lib/gcc/avr/9.1.0/../../../../avr/lib/avr5\libc.a(itoa_ncheck.o)
                0x0000000000002ad0                __itoa_ncheck
 .text.avr-libc
                0x0000000000002ae6       0x34 c:/winavr/bin/../lib/gcc/avr/9.1.0/../../../../avr/lib/avr5\libc.a(utoa_ncheck.o)
                0x0000000000002ae6                __utoa_ncheck
                0x0000000000002ae8                __utoa_common
 .text.avr-libc
                0x0000000000002b1a       0x20 c:/winavr/bin/../lib/gcc/avr/9.1.0/../../../../avr/lib/avr5\libc.a(strrev.o)
                0x0000000000002b1a                strrev
                0x0000000000002b3a                . = ALIGN (0x2)
 *(.fini9)
 .fini9         0x0000000000002b3a        0x0 c:/winavr/bin/../lib/gcc/avr/9.1.0/avr5\libgcc.a(_exit.o)
                0x0000000000002b3a                _exit
                0x0000000000002b3a                exit
 *(.fini9)
 *(.fini8)
 *(.fini8)
 *(.fini7)
 *(.fini7)
 *(.fini6)
 *(.fini6)
 *(.fini5)
 *(.fini5)
 *(.fini4)
 *(.fini4)
 *(.fini3)
 *(.fini3)
 *(.fini2)
 *(.fini2)
 *(.fini1)
 *(.fini1)
 *(.fini0)
 .fini0         0x0000000000002b3a        0x4 c:/winavr/bin/../lib/gcc/avr/9.1.0/avr5\libgcc.a(_exit.o)
 *(.fini0)
 *(.hightext)
 *(.hightext*)
 *(.progmemx.*)
                0x0000000000002b3e                . = ALIGN (0x2)
 *(.jumptables)
 *(.jumptables*)
 .jumptables.gcc.KeyPad_4x4_ReturnASCII
                0x0000000000002b3e       0x20 ./KeyPad.o
                0x0000000000002b5e                _etext = .

.data           0x0000000000800060        0xe load address 0x0000000000002b5e
                0x0000000000800060                PROVIDE (__data_start = .)
 *(.data)
 .data          0x0000000000800060        0x0 c:/winavr/bin/../lib/gcc/avr/9.1.0/../../../../avr/lib/avr5/crtatmega16.o
 .data          0x0000000000800060        0x0 ./KeyPad.o
 .data          0x0000000000800060        0x0 ./LCD.o
 .data          0x0000000000800060        0x0 ./main.o
 .data          0x0000000000800060        0x0 c:/winavr/bin/../lib/gcc/avr/9.1.0/avr5\libgcc.a(_mulsi3.o)
 .data          0x0000000000800060        0x0 c:/winavr/bin/../lib/gcc/avr/9.1.0/avr5\libgcc.a(_divmodsi4.o)
 .data          0x0000000000800060        0x0 c:/winavr/bin/../lib/gcc/avr/9.1.0/avr5\libgcc.a(_negsi2.o)
 .data          0x0000000000800060        0x0 c:/winavr/bin/../lib/gcc/avr/9.1.0/avr5\libgcc.a(_exit.o)
 .data          0x0000000000800060        0x0 c:/winavr/bin/../lib/gcc/avr/9.1.0/avr5\libgcc.a(_tablejump2.o)
 .data          0x0000000000800060        0x0 c:/winavr/bin/../lib/gcc/avr/9.1.0/avr5\libgcc.a(_copy_data.o)
 .data          0x0000000000800060        0x0 c:/winavr/bin/../lib/gcc/avr/9.1.0/avr5\libgcc.a(_clear_bss.o)
 .data          0x0000000000800060        0x0 c:/winavr/bin/../lib/gcc/avr/9.1.0/avr5\libgcc.a(_muluhisi3.o)
 .data          0x0000000000800060        0x0 c:/winavr/bin/../lib/gcc/avr/9.1.0/avr5\libgcc.a(_udivmodsi4.o)
 .data          0x0000000000800060        0x0 c:/winavr/bin/../lib/gcc/avr/9.1.0/avr5\libgcc.a(_umulhisi3.o)
 .data          0x0000000000800060        0x0 c:/winavr/bin/../lib/gcc/avr/9.1.0/../../../../avr/lib/avr5\libm.a(cmpsf2.o)
 .data          0x0000000000800060        0x0 c:/winavr/bin/../lib/gcc/avr/9.1.0/../../../../avr/lib/avr5\libm.a(divsf3.o)
 .data          0x0000000000800060        0x0 c:/winavr/bin/../lib/gcc/avr/9.1.0/../../../../avr/lib/avr5\libm.a(divsf3x.o)
 .data          0x0000000000800060        0x0 c:/winavr/bin/../lib/gcc/avr/9.1.0/../../../../avr/lib/avr5\libm.a(fixunssfsi.o)
 .data          0x0000000000800060        0x0 c:/winavr/bin/../lib/gcc/avr/9.1.0/../../../../avr/lib/avr5\libm.a(fp_cmp.o)
 .data          0x0000000000800060        0x0 c:/winavr/bin/../lib/gcc/avr/9.1.0/../../../../avr/lib/avr5\libm.a(fp_inf.o)
 .data          0x0000000000800060        0x0 c:/winavr/bin/../lib/gcc/avr/9.1.0/../../../../avr/lib/avr5\libm.a(fp_nan.o)
 .data          0x0000000000800060        0x0 c:/winavr/bin/../lib/gcc/avr/9.1.0/../../../../avr/lib/avr5\libm.a(fp_pscA.o)
 .data          0x0000000000800060        0x0 c:/winavr/bin/../lib/gcc/avr/9.1.0/../../../../avr/lib/avr5\libm.a(fp_pscB.o)
 .data          0x0000000000800060        0x0 c:/winavr/bin/../lib/gcc/avr/9.1.0/../../../../avr/lib/avr5\libm.a(fp_round.o)
 .data          0x0000000000800060        0x0 c:/winavr/bin/../lib/gcc/avr/9.1.0/../../../../avr/lib/avr5\libm.a(fp_split3.o)
 .data          0x0000000000800060        0x0 c:/winavr/bin/../lib/gcc/avr/9.1.0/../../../../avr/lib/avr5\libm.a(fp_zero.o)
 .data          0x0000000000800060        0x0 c:/winavr/bin/../lib/gcc/avr/9.1.0/../../../../avr/lib/avr5\libm.a(gesf2.o)
 .data          0x0000000000800060        0x0 c:/winavr/bin/../lib/gcc/avr/9.1.0/../../../../avr/lib/avr5\libm.a(mulsf3.o)
 .data          0x0000000000800060        0x0 c:/winavr/bin/../lib/gcc/avr/9.1.0/../../../../avr/lib/avr5\libm.a(mulsf3x.o)
 .data          0x0000000000800060        0x0 c:/winavr/bin/../lib/gcc/avr/9.1.0/../../../../avr/lib/avr5\libc.a(itoa.o)
 .data          0x0000000000800060        0x0 c:/winavr/bin/../lib/gcc/avr/9.1.0/../../../../avr/lib/avr5\libc.a(itoa_ncheck.o)
 .data          0x0000000000800060        0x0 c:/winavr/bin/../lib/gcc/avr/9.1.0/../../../../avr/lib/avr5\libc.a(utoa_ncheck.o)
 .data          0x0000000000800060        0x0 c:/winavr/bin/../lib/gcc/avr/9.1.0/../../../../avr/lib/avr5\libc.a(strrev.o)
 *(.data*)
 .data.String   0x0000000000800060        0x2 ./main.o
                0x0000000000800060                String
 *(.gnu.linkonce.d*)
 *(.rodata)
 .rodata        0x0000000000800062        0xb ./main.o
 *(.rodata*)
 *(.gnu.linkonce.r*)
                0x000000000080006e                . = ALIGN (0x2)
 *fill*         0x000000000080006d        0x1 
                0x000000000080006e                _edata = .
                0x000000000080006e                PROVIDE (__data_end = .)

.bss            0x000000000080006e        0xe
                0x000000000080006e                PROVIDE (__bss_start = .)
 *(.bss)
 .bss           0x000000000080006e        0x0 c:/winavr/bin/../lib/gcc/avr/9.1.0/../../../../avr/lib/avr5/crtatmega16.o
 .bss           0x000000000080006e        0x0 ./KeyPad.o
 .bss           0x000000000080006e        0x0 ./LCD.o
 .bss           0x000000000080006e        0x0 ./main.o
 .bss           0x000000000080006e        0x0 c:/winavr/bin/../lib/gcc/avr/9.1.0/avr5\libgcc.a(_mulsi3.o)
 .bss           0x000000000080006e        0x0 c:/winavr/bin/../lib/gcc/avr/9.1.0/avr5\libgcc.a(_divmodsi4.o)
 .bss           0x000000000080006e        0x0 c:/winavr/bin/../lib/gcc/avr/9.1.0/avr5\libgcc.a(_negsi2.o)
 .bss           0x000000000080006e        0x0 c:/winavr/bin/../lib/gcc/avr/9.1.0/avr5\libgcc.a(_exit.o)
 .bss           0x000000000080006e        0x0 c:/winavr/bin/../lib/gcc/avr/9.1.0/avr5\libgcc.a(_tablejump2.o)
 .bss           0x000000000080006e        0x0 c:/winavr/bin/../lib/gcc/avr/9.1.0/avr5\libgcc.a(_copy_data.o)
 .bss           0x000000000080006e        0x0 c:/winavr/bin/../lib/gcc/avr/9.1.0/avr5\libgcc.a(_clear_bss.o)
 .bss           0x000000000080006e        0x0 c:/winavr/bin/../lib/gcc/avr/9.1.0/avr5\libgcc.a(_muluhisi3.o)
 .bss           0x000000000080006e        0x0 c:/winavr/bin/../lib/gcc/avr/9.1.0/avr5\libgcc.a(_udivmodsi4.o)
 .bss           0x000000000080006e        0x0 c:/winavr/bin/../lib/gcc/avr/9.1.0/avr5\libgcc.a(_umulhisi3.o)
 .bss           0x000000000080006e        0x0 c:/winavr/bin/../lib/gcc/avr/9.1.0/../../../../avr/lib/avr5\libm.a(cmpsf2.o)
 .bss           0x000000000080006e        0x0 c:/winavr/bin/../lib/gcc/avr/9.1.0/../../../../avr/lib/avr5\libm.a(divsf3.o)
 .bss           0x000000000080006e        0x0 c:/winavr/bin/../lib/gcc/avr/9.1.0/../../../../avr/lib/avr5\libm.a(divsf3x.o)
 .bss           0x000000000080006e        0x0 c:/winavr/bin/../lib/gcc/avr/9.1.0/../../../../avr/lib/avr5\libm.a(fixunssfsi.o)
 .bss           0x000000000080006e        0x0 c:/winavr/bin/../lib/gcc/avr/9.1.0/../../../../avr/lib/avr5\libm.a(fp_cmp.o)
 .bss           0x000000000080006e        0x0 c:/winavr/bin/../lib/gcc/avr/9.1.0/../../../../avr/lib/avr5\libm.a(fp_inf.o)
 .bss           0x000000000080006e        0x0 c:/winavr/bin/../lib/gcc/avr/9.1.0/../../../../avr/lib/avr5\libm.a(fp_nan.o)
 .bss           0x000000000080006e        0x0 c:/winavr/bin/../lib/gcc/avr/9.1.0/../../../../avr/lib/avr5\libm.a(fp_pscA.o)
 .bss           0x000000000080006e        0x0 c:/winavr/bin/../lib/gcc/avr/9.1.0/../../../../avr/lib/avr5\libm.a(fp_pscB.o)
 .bss           0x000000000080006e        0x0 c:/winavr/bin/../lib/gcc/avr/9.1.0/../../../../avr/lib/avr5\libm.a(fp_round.o)
 .bss           0x000000000080006e        0x0 c:/winavr/bin/../lib/gcc/avr/9.1.0/../../../../avr/lib/avr5\libm.a(fp_split3.o)
 .bss           0x000000000080006e        0x0 c:/winavr/bin/../lib/gcc/avr/9.1.0/../../../../avr/lib/avr5\libm.a(fp_zero.o)
 .bss           0x000000000080006e        0x0 c:/winavr/bin/../lib/gcc/avr/9.1.0/../../../../avr/lib/avr5\libm.a(gesf2.o)
 .bss           0x000000000080006e        0x0 c:/winavr/bin/../lib/gcc/avr/9.1.0/../../../../avr/lib/avr5\libm.a(mulsf3.o)
 .bss           0x000000000080006e        0x0 c:/winavr/bin/../lib/gcc/avr/9.1.0/../../../../avr/lib/avr5\libm.a(mulsf3x.o)
 .bss           0x000000000080006e        0x0 c:/winavr/bin/../lib/gcc/avr/9.1.0/../../../../avr/lib/avr5\libc.a(itoa.o)
 .bss           0x000000000080006e        0x0 c:/winavr/bin/../lib/gcc/avr/9.1.0/../../../../avr/lib/avr5\libc.a(itoa_ncheck.o)
 .bss           0x000000000080006e        0x0 c:/winavr/bin/../lib/gcc/avr/9.1.0/../../../../avr/lib/avr5\libc.a(utoa_ncheck.o)
 .bss           0x000000000080006e        0x0 c:/winavr/bin/../lib/gcc/avr/9.1.0/../../../../avr/lib/avr5\libc.a(strrev.o)
 *(.bss*)
 .bss.key_num   0x000000000080006e        0x1 ./main.o
                0x000000000080006e                key_num
 .bss.num1      0x000000000080006f        0x4 ./main.o
                0x000000000080006f                num1
 .bss.num2      0x0000000000800073        0x4 ./main.o
                0x0000000000800073                num2
 .bss.operand   0x0000000000800077        0x1 ./main.o
                0x0000000000800077                operand
 .bss.result    0x0000000000800078        0x4 ./main.o
                0x0000000000800078                result
 *(COMMON)
                0x000000000080007c                PROVIDE (__bss_end = .)
                0x0000000000002b5e                __data_load_start = LOADADDR (.data)
                0x0000000000002b6c                __data_load_end = (__data_load_start + SIZEOF (.data))

.noinit         0x000000000080007c        0x0
                [!provide]                        PROVIDE (__noinit_start = .)
 *(.noinit*)
                [!provide]                        PROVIDE (__noinit_end = .)
                0x000000000080007c                _end = .
                [!provide]                        PROVIDE (__heap_start = .)

.eeprom         0x0000000000810000        0x0
 *(.eeprom*)
                0x0000000000810000                __eeprom_end = .

.fuse
 *(.fuse)
 *(.lfuse)
 *(.hfuse)
 *(.efuse)

.lock
 *(.lock*)

.signature
 *(.signature*)

.stab           0x0000000000000000     0x2c34
 *(.stab)
 .stab          0x0000000000000000      0x7bc ./KeyPad.o
 .stab          0x00000000000007bc     0x1950 ./LCD.o
                                       0x1bcc (size before relaxing)
 .stab          0x000000000000210c      0xb28 ./main.o
                                        0xdb0 (size before relaxing)

.stabstr        0x0000000000000000     0x10ca
 *(.stabstr)
 .stabstr       0x0000000000000000     0x10ca ./KeyPad.o

.stab.excl
 *(.stab.excl)

.stab.exclstr
 *(.stab.exclstr)

.stab.index
 *(.stab.index)

.stab.indexstr
 *(.stab.indexstr)

.comment        0x0000000000000000       0x11
 *(.comment)
 .comment       0x0000000000000000       0x11 ./KeyPad.o
                                         0x12 (size before relaxing)
 .comment       0x0000000000000011       0x12 ./LCD.o
 .comment       0x0000000000000011       0x12 ./main.o

.note.gnu.avr.deviceinfo
                0x0000000000000000       0x3c
 .note.gnu.avr.deviceinfo
                0x0000000000000000       0x3c c:/winavr/bin/../lib/gcc/avr/9.1.0/../../../../avr/lib/avr5/crtatmega16.o

.note.gnu.build-id
 *(.note.gnu.build-id)

.debug
 *(.debug)

.line
 *(.line)

.debug_srcinfo
 *(.debug_srcinfo)

.debug_sfnames
 *(.debug_sfnames)

.debug_aranges  0x0000000000000000      0x140
 *(.debug_aranges)
 .debug_aranges
                0x0000000000000000       0x20 c:/winavr/bin/../lib/gcc/avr/9.1.0/avr5\libgcc.a(_mulsi3.o)
 .debug_aranges
                0x0000000000000020       0x20 c:/winavr/bin/../lib/gcc/avr/9.1.0/avr5\libgcc.a(_divmodsi4.o)
 .debug_aranges
                0x0000000000000040       0x20 c:/winavr/bin/../lib/gcc/avr/9.1.0/avr5\libgcc.a(_negsi2.o)
 .debug_aranges
                0x0000000000000060       0x20 c:/winavr/bin/../lib/gcc/avr/9.1.0/avr5\libgcc.a(_exit.o)
 .debug_aranges
                0x0000000000000080       0x20 c:/winavr/bin/../lib/gcc/avr/9.1.0/avr5\libgcc.a(_tablejump2.o)
 .debug_aranges
                0x00000000000000a0       0x20 c:/winavr/bin/../lib/gcc/avr/9.1.0/avr5\libgcc.a(_copy_data.o)
 .debug_aranges
                0x00000000000000c0       0x20 c:/winavr/bin/../lib/gcc/avr/9.1.0/avr5\libgcc.a(_clear_bss.o)
 .debug_aranges
                0x00000000000000e0       0x20 c:/winavr/bin/../lib/gcc/avr/9.1.0/avr5\libgcc.a(_muluhisi3.o)
 .debug_aranges
                0x0000000000000100       0x20 c:/winavr/bin/../lib/gcc/avr/9.1.0/avr5\libgcc.a(_udivmodsi4.o)
 .debug_aranges
                0x0000000000000120       0x20 c:/winavr/bin/../lib/gcc/avr/9.1.0/avr5\libgcc.a(_umulhisi3.o)

.debug_pubnames
 *(.debug_pubnames)

.debug_info     0x0000000000000000      0x6aa
 *(.debug_info .gnu.linkonce.wi.*)
 .debug_info    0x0000000000000000      0x52e c:/winavr/bin/../lib/gcc/avr/9.1.0/../../../../avr/lib/avr5/crtatmega16.o
 .debug_info    0x000000000000052e       0x26 c:/winavr/bin/../lib/gcc/avr/9.1.0/avr5\libgcc.a(_mulsi3.o)
 .debug_info    0x0000000000000554       0x26 c:/winavr/bin/../lib/gcc/avr/9.1.0/avr5\libgcc.a(_divmodsi4.o)
 .debug_info    0x000000000000057a       0x26 c:/winavr/bin/../lib/gcc/avr/9.1.0/avr5\libgcc.a(_negsi2.o)
 .debug_info    0x00000000000005a0       0x26 c:/winavr/bin/../lib/gcc/avr/9.1.0/avr5\libgcc.a(_exit.o)
 .debug_info    0x00000000000005c6       0x26 c:/winavr/bin/../lib/gcc/avr/9.1.0/avr5\libgcc.a(_tablejump2.o)
 .debug_info    0x00000000000005ec       0x26 c:/winavr/bin/../lib/gcc/avr/9.1.0/avr5\libgcc.a(_copy_data.o)
 .debug_info    0x0000000000000612       0x26 c:/winavr/bin/../lib/gcc/avr/9.1.0/avr5\libgcc.a(_clear_bss.o)
 .debug_info    0x0000000000000638       0x26 c:/winavr/bin/../lib/gcc/avr/9.1.0/avr5\libgcc.a(_muluhisi3.o)
 .debug_info    0x000000000000065e       0x26 c:/winavr/bin/../lib/gcc/avr/9.1.0/avr5\libgcc.a(_udivmodsi4.o)
 .debug_info    0x0000000000000684       0x26 c:/winavr/bin/../lib/gcc/avr/9.1.0/avr5\libgcc.a(_umulhisi3.o)

.debug_abbrev   0x0000000000000000      0x5af
 *(.debug_abbrev)
 .debug_abbrev  0x0000000000000000      0x4e7 c:/winavr/bin/../lib/gcc/avr/9.1.0/../../../../avr/lib/avr5/crtatmega16.o
 .debug_abbrev  0x00000000000004e7       0x14 c:/winavr/bin/../lib/gcc/avr/9.1.0/avr5\libgcc.a(_mulsi3.o)
 .debug_abbrev  0x00000000000004fb       0x14 c:/winavr/bin/../lib/gcc/avr/9.1.0/avr5\libgcc.a(_divmodsi4.o)
 .debug_abbrev  0x000000000000050f       0x14 c:/winavr/bin/../lib/gcc/avr/9.1.0/avr5\libgcc.a(_negsi2.o)
 .debug_abbrev  0x0000000000000523       0x14 c:/winavr/bin/../lib/gcc/avr/9.1.0/avr5\libgcc.a(_exit.o)
 .debug_abbrev  0x0000000000000537       0x14 c:/winavr/bin/../lib/gcc/avr/9.1.0/avr5\libgcc.a(_tablejump2.o)
 .debug_abbrev  0x000000000000054b       0x14 c:/winavr/bin/../lib/gcc/avr/9.1.0/avr5\libgcc.a(_copy_data.o)
 .debug_abbrev  0x000000000000055f       0x14 c:/winavr/bin/../lib/gcc/avr/9.1.0/avr5\libgcc.a(_clear_bss.o)
 .debug_abbrev  0x0000000000000573       0x14 c:/winavr/bin/../lib/gcc/avr/9.1.0/avr5\libgcc.a(_muluhisi3.o)
 .debug_abbrev  0x0000000000000587       0x14 c:/winavr/bin/../lib/gcc/avr/9.1.0/avr5\libgcc.a(_udivmodsi4.o)
 .debug_abbrev  0x000000000000059b       0x14 c:/winavr/bin/../lib/gcc/avr/9.1.0/avr5\libgcc.a(_umulhisi3.o)

.debug_line     0x0000000000000000      0x651
 *(.debug_line .debug_line.* .debug_line_end)
 .debug_line    0x0000000000000000       0x1d c:/winavr/bin/../lib/gcc/avr/9.1.0/../../../../avr/lib/avr5/crtatmega16.o
 .debug_line    0x000000000000001d       0xaf c:/winavr/bin/../lib/gcc/avr/9.1.0/avr5\libgcc.a(_mulsi3.o)
 .debug_line    0x00000000000000cc       0xcd c:/winavr/bin/../lib/gcc/avr/9.1.0/avr5\libgcc.a(_divmodsi4.o)
 .debug_line    0x0000000000000199       0x61 c:/winavr/bin/../lib/gcc/avr/9.1.0/avr5\libgcc.a(_negsi2.o)
 .debug_line    0x00000000000001fa       0x61 c:/winavr/bin/../lib/gcc/avr/9.1.0/avr5\libgcc.a(_exit.o)
 .debug_line    0x000000000000025b       0x79 c:/winavr/bin/../lib/gcc/avr/9.1.0/avr5\libgcc.a(_tablejump2.o)
 .debug_line    0x00000000000002d4       0x97 c:/winavr/bin/../lib/gcc/avr/9.1.0/avr5\libgcc.a(_copy_data.o)
 .debug_line    0x000000000000036b       0x85 c:/winavr/bin/../lib/gcc/avr/9.1.0/avr5\libgcc.a(_clear_bss.o)
 .debug_line    0x00000000000003f0       0x91 c:/winavr/bin/../lib/gcc/avr/9.1.0/avr5\libgcc.a(_muluhisi3.o)
 .debug_line    0x0000000000000481      0x121 c:/winavr/bin/../lib/gcc/avr/9.1.0/avr5\libgcc.a(_udivmodsi4.o)
 .debug_line    0x00000000000005a2       0xaf c:/winavr/bin/../lib/gcc/avr/9.1.0/avr5\libgcc.a(_umulhisi3.o)

.debug_frame
 *(.debug_frame)

.debug_str      0x0000000000000000      0x20d
 *(.debug_str)
 .debug_str     0x0000000000000000      0x1af c:/winavr/bin/../lib/gcc/avr/9.1.0/../../../../avr/lib/avr5/crtatmega16.o
 .debug_str     0x00000000000001af       0x5e c:/winavr/bin/../lib/gcc/avr/9.1.0/avr5\libgcc.a(_mulsi3.o)
 .debug_str     0x000000000000020d       0x5e c:/winavr/bin/../lib/gcc/avr/9.1.0/avr5\libgcc.a(_divmodsi4.o)
 .debug_str     0x000000000000020d       0x5e c:/winavr/bin/../lib/gcc/avr/9.1.0/avr5\libgcc.a(_negsi2.o)
 .debug_str     0x000000000000020d       0x5e c:/winavr/bin/../lib/gcc/avr/9.1.0/avr5\libgcc.a(_exit.o)
 .debug_str     0x000000000000020d       0x5e c:/winavr/bin/../lib/gcc/avr/9.1.0/avr5\libgcc.a(_tablejump2.o)
 .debug_str     0x000000000000020d       0x5e c:/winavr/bin/../lib/gcc/avr/9.1.0/avr5\libgcc.a(_copy_data.o)
 .debug_str     0x000000000000020d       0x5e c:/winavr/bin/../lib/gcc/avr/9.1.0/avr5\libgcc.a(_clear_bss.o)
 .debug_str     0x000000000000020d       0x5e c:/winavr/bin/../lib/gcc/avr/9.1.0/avr5\libgcc.a(_muluhisi3.o)
 .debug_str     0x000000000000020d       0x5e c:/winavr/bin/../lib/gcc/avr/9.1.0/avr5\libgcc.a(_udivmodsi4.o)
 .debug_str     0x000000000000020d       0x5e c:/winavr/bin/../lib/gcc/avr/9.1.0/avr5\libgcc.a(_umulhisi3.o)

.debug_loc
 *(.debug_loc)

.debug_macinfo
 *(.debug_macinfo)

.debug_weaknames
 *(.debug_weaknames)

.debug_funcnames
 *(.debug_funcnames)

.debug_typenames
 *(.debug_typenames)

.debug_varnames
 *(.debug_varnames)

.debug_pubtypes
 *(.debug_pubtypes)

.debug_ranges
 *(.debug_ranges)

.debug_macro
 *(.debug_macro)

.debug_addr
 *(.debug_addr)
OUTPUT(hi.elf elf32-avr)
LOAD linker stubs
